after_upload: ESP-ROM:esp32s3-20210327
after_upload: Build:Mar 27 2021
after_upload: rst:0x1 (POWERON),boot:0x18 (SPI_FAST_FLASH_BOOT)
after_upload: SPIWP:0xee
after_upload: mode:DIO, clock div:1
after_upload: load:0x3fce3808,len:0x4bc
after_upload: load:0x403c9700,len:0xbd8
after_upload: load:0x403cc700,len:0x2a0c
after_upload: entry 0x403c98d0
after_upload: [  1280][E][Wire.cpp:499] requestFrom(): i2cWriteReadNonStop returned Error -1
after_upload: [IMU] ready=1 address=0x6B who=0x05 revision=0x7C acc=4g gyro=512dps odr=62.5Hz
after_upload: [BOOT] breLock=0.5.3-poc board=Waveshare-S3-Touch id=142D6F020F3C boot=61989 flash=16777216 psram=2095055 ble_init=1
after_upload: [BLE] v3 telemetry + GATT control; primary=31B scan_response=27B interval=100ms tx=+3dBm service=9e20a100-6f7f-4d8a-9c21-4b52454c4f43; USB: r=raw CSV, s=status, w=wake
after_upload: [LCD] dc=8 cs=9 rst=14 sclk=10 mosi=11 bl=2 touch_ready=1 touch_id=0xB5 auto_sleep_ms=60000
reset_1: ESP-ROM:esp32s3-20210327
reset_1: Build:Mar 27 2021
reset_1: rst:0x1 (POWERON),boot:0x18 (SPI_FAST_FLASH_BOOT)
reset_1: SPIWP:0xee
reset_1: mode:DIO, clock div:1
reset_1: load:0x3fce3808,len:0x4bc
reset_1: load:0x403c9700,len:0xbd8
reset_1: load:0x403cc700,len:0x2a0c
reset_1: entry 0x403c98d0
reset_1: [  1280][E][Wire.cpp:499] requestFrom(): i2cWriteReadNonStop returned Error -1
reset_1: [IMU] ready=1 address=0x6B who=0x05 revision=0x7C acc=4g gyro=512dps odr=62.5Hz
reset_1: [BOOT] breLock=0.5.3-poc board=Waveshare-S3-Touch id=142D6F020F3C boot=14467 flash=16777216 psram=2095055 ble_init=1
reset_1: [BLE] v3 telemetry + GATT control; primary=31B scan_response=27B interval=100ms tx=+3dBm service=9e20a100-6f7f-4d8a-9c21-4b52454c4f43; USB: r=raw CSV, s=status, w=wake
reset_1: [LCD] dc=8 cs=9 rst=14 sclk=10 mosi=11 bl=2 touch_ready=1 touch_id=0xB5 auto_sleep_ms=60000
reset_2: ESP-ROM:esp32s3-20210327
reset_2: Build:Mar 27 2021
reset_2: rst:0x1 (POWERON),boot:0x18 (SPI_FAST_FLASH_BOOT)
reset_2: SPIWP:0xee
reset_2: mode:DIO, clock div:1
reset_2: load:0x3fce3808,len:0x4bc
reset_2: load:0x403c9700,len:0xbd8
reset_2: load:0x403cc700,len:0x2a0c
reset_2: entry 0x403c98d0
reset_2: [  1280][E][Wire.cpp:499] requestFrom(): i2cWriteReadNonStop returned Error -1
reset_2: [IMU] ready=1 address=0x6B who=0x05 revision=0x7C acc=4g gyro=512dps odr=62.5Hz
reset_2: [BOOT] breLock=0.5.3-poc board=Waveshare-S3-Touch id=142D6F020F3C boot=17758 flash=16777216 psram=2095055 ble_init=1
reset_2: [BLE] v3 telemetry + GATT control; primary=31B scan_response=27B interval=100ms tx=+3dBm service=9e20a100-6f7f-4d8a-9c21-4b52454c4f43; USB: r=raw CSV, s=status, w=wake
reset_2: [LCD] dc=8 cs=9 rst=14 sclk=10 mosi=11 bl=2 touch_ready=1 touch_id=0xB5 auto_sleep_ms=60000
reset_3: ESP-ROM:esp32s3-20210327
reset_3: Build:Mar 27 2021
reset_3: rst:0x1 (POWERON),boot:0x18 (SPI_FAST_FLASH_BOOT)
reset_3: SPIWP:0xee
reset_3: mode:DIO, clock div:1
reset_3: load:0x3fce3808,len:0x4bc
reset_3: load:0x403c9700,len:0xbd8
reset_3: load:0x403cc700,len:0x2a0c
reset_3: entry 0x403c98d0
reset_3: [  1280][E][Wire.cpp:499] requestFrom(): i2cWriteReadNonStop returned Error -1
reset_3: [IMU] ready=1 address=0x6B who=0x05 revision=0x7C acc=4g gyro=512dps odr=62.5Hz
reset_3: [BOOT] breLock=0.5.3-poc board=Waveshare-S3-Touch id=142D6F020F3C boot=40344 flash=16777216 psram=2095055 ble_init=1
reset_3: [BLE] v3 telemetry + GATT control; primary=31B scan_response=27B interval=100ms tx=+3dBm service=9e20a100-6f7f-4d8a-9c21-4b52454c4f43; USB: r=raw CSV, s=status, w=wake
reset_3: [LCD] dc=8 cs=9 rst=14 sclk=10 mosi=11 bl=2 touch_ready=1 touch_id=0xB5 auto_sleep_ms=60000
